################################################################################
Factor SNOB - Mixture Modelling by Minimum Message Length (MML) with Factors
################################################################################
Loading vset: ../examples/5m1c.v
Loading sample: ../examples/5m1c.s
Number of active cases = 1000
Begin sort of 1000 cases
Finished sort
       id        V1        V2        V2        V4        V5 
     1001         2         1         2         1         1 
     1002         2         2         1         2         1 
     1003         1         1         2         2         1 
     1004         2         2         2         2         2 
     1005         1         2         1         1         1 
      ...       ...       ...       ...       ...       ... 
     1996         2         2         2         2         2 
     1997         1         1         1         1         1 
     1998         1         2         2         2         2 
     1999         2         1         2         1         2 
     2000         1         1         2         1         2 
[1000 items x 5 attributes]

Ll.la
S    1  LEAF    Root Age   5  Sz1000.0  Use Pln(Vv  0.00  +-1.000 Avv 0.000)
Pcosts  S:    15.66  F:   515.66  D:     0.00  B:    15.66
Tcosts  S:  3465.99  F: 13471.36  D:     0.00  B:  3465.99
Vcost     ---------  F:     0.00
totals  S:  3481.65  F: 13987.02  D:     0.00  B:  3481.65



================================================================================
Cycle 1 | 50 steps of costing, assignment and adjustments
================================================================================
aa...
Changing type of class    1  from Leaf to Dad
AAAA.AA...
Changing type of class    2  from Leaf to Dad
Changing type of class    3  from Leaf to Dad
aAAA.AA........AA........AA......AAA
Attempting class moves until 4 successive failures
aAdDDdddddDDdddddDDdddddDDdddddDDdddddDdddddDDddddddDdddddDDdddddDDdddd
TRYING MOVE CLASS      3 TO DAD      2
dDDddddLLLAaAAAA
ACCEPTED !!!
Popln  3 on sample  1,   6 classes,  1000 things  Cost    2963.84

  Assign mode Partial    --- Adjust: Params Scores Tree
    1  Dad   Fac Scan    1000 RelAb 1.000  Size  1000.0
       3  Dad       Scan     523 RelAb 0.485  Size   485.2
          6 Leaf       Scan     485 RelAb 0.172  Size   170.4
          7 Leaf       Scan     447 RelAb 0.313  Size   314.8
       4 Leaf       Scan     470 RelAb 0.297  Size   299.5
       5 Leaf       Scan     515 RelAb 0.218  Size   215.3
aaddddddDddddddddddDdddd
TRYING MOVE CLASS      5 TO DAD      3
ddDddddLLLAaaaaA
ACCEPTED !!!
Popln  1 on sample  1,   6 classes,  1000 things  Cost    2963.49

  Assign mode Partial    --- Adjust: Params Scores Tree
    1  Dad   Fac Scan    1000 RelAb 1.000  Size  1000.0
       3  Dad   Fac Scan     523 RelAb 0.684  Size   681.9
          5 Leaf       Scan     515 RelAb 0.199  Size   196.8
          6 Leaf       Scan     485 RelAb 0.162  Size   160.6
          7 Leaf       Scan     447 RelAb 0.323  Size   324.5
       4 Leaf       Scan     470 RelAb 0.316  Size   318.1
aaddDdddddDdddddDDdddddDDdddd
TRYING MOVE CLASS      5 TO DAD      1
dDDddddLLLAaaa
Changing type of class    1  from Dad to Leaf
aA
ACCEPTED !!!
Popln  3 on sample  1,   1 classes,  1000 things  Cost    2958.73

  Assign mode Partial    --- Adjust: Params Scores Tree
    1 Leaf   Fac Scan    1000 RelAb 1.000  Size  1000.0
aa
Model has only 1 class
No possible class move
A
Cost dropped by    0.000%
--------------------------------------------------------------------------------
P3     1 classes,    1 leaves,  Pcost    31.3  Tcost    2926.0,  Cost    2957.3
Sample  1 Spec_s5m1c__000000912300
--------------------------------------------------------------------------------


================================================================================
Cycle 2 | 50 steps of costing, assignment and adjustments
================================================================================
aA........AA........AA........AA........AA......AAA
Attempting class moves until 4 successive failures
aA
Model has only 1 class
No possible class move
A
Cost dropped by   15.060%
--------------------------------------------------------------------------------
P3     1 classes,    1 leaves,  Pcost    32.0  Tcost    2898.6,  Cost    2930.6
Sample  1 Spec_s5m1c__000000912300
--------------------------------------------------------------------------------


================================================================================
Cycle 3 | 50 steps of costing, assignment and adjustments
================================================================================
aA........AA........AA........AA........AA......AAA
Attempting class moves until 4 successive failures
aA
Model has only 1 class
No possible class move
A
Cost dropped by    0.904%
--------------------------------------------------------------------------------
P3     1 classes,    1 leaves,  Pcost    32.4  Tcost    2893.6,  Cost    2926.0
Sample  1 Spec_s5m1c__000000912300
--------------------------------------------------------------------------------


================================================================================
Cycle 4 | 50 steps of costing, assignment and adjustments
================================================================================
aA........AA........AA........AA........AA......AAA
Attempting class moves until 4 successive failures
aA
Model has only 1 class
No possible class move
A
Cost dropped by    0.157%
--------------------------------------------------------------------------------
P3     1 classes,    1 leaves,  Pcost    32.7  Tcost    2892.1,  Cost    2924.7
Sample  1 Spec_s5m1c__000000912300
--------------------------------------------------------------------------------


================================================================================
Cycle 5 | 50 steps of costing, assignment and adjustments
================================================================================
aA........AA........Aa........Aa........Aa......Aaa
Attempting class moves until 4 successive failures
aa
Model has only 1 class
No possible class move
a
Cost dropped by    0.043%
--------------------------------------------------------------------------------
P3     1 classes,    1 leaves,  Pcost    32.8  Tcost    2891.5,  Cost    2924.3
Sample  1 Spec_s5m1c__000000912300
--------------------------------------------------------------------------------


================================================================================
Cycle 6 | 50 steps of costing, assignment and adjustments
================================================================================
aa........Aa........Aa........Aa........Aa......Aaa
Attempting class moves until 4 successive failures
aa
Model has only 1 class
No possible class move
a
Cost dropped by    0.015%
--------------------------------------------------------------------------------
P3     1 classes,    1 leaves,  Pcost    32.9  Tcost    2891.2,  Cost    2924.1
Sample  1 Spec_s5m1c__000000912300
--------------------------------------------------------------------------------


================================================================================
Cycle 7 | 50 steps of costing, assignment and adjustments
================================================================================
aa........Aa........Aa........Aa........Aa......Aaa
Attempting class moves until 4 successive failures
aa
Model has only 1 class
No possible class move
a
Cost dropped by    0.006%
--------------------------------------------------------------------------------
P3     1 classes,    1 leaves,  Pcost    33.0  Tcost    2891.1,  Cost    2924.0
Sample  1 Spec_s5m1c__000000912300
--------------------------------------------------------------------------------


================================================================================
Cycle 8 | 50 steps of costing, assignment and adjustments
================================================================================
aa........aa........Aa........aa........Aa......aaa
Attempting class moves until 4 successive failures
aa
Model has only 1 class
No possible class move
a
Cost dropped by    0.003%
--------------------------------------------------------------------------------
P3     1 classes,    1 leaves,  Pcost    33.0  Tcost    2891.0,  Cost    2924.0
Sample  1 Spec_s5m1c__000000912300
--------------------------------------------------------------------------------


================================================================================
Cycle 9 | 50 steps of costing, assignment and adjustments
================================================================================
aa........aa........aa........Aa........aa......aaa
Attempting class moves until 4 successive failures
aa
Model has only 1 class
No possible class move
a
Cost dropped by    0.001%
--------------------------------------------------------------------------------
P3     1 classes,    1 leaves,  Pcost    33.0  Tcost    2891.0,  Cost    2924.0
Sample  1 Spec_s5m1c__000000912300
--------------------------------------------------------------------------------


================================================================================
Cycle 10 | 50 steps of costing, assignment and adjustments
================================================================================
aa........aa........aa........aa
Attempting class moves until 4 successive failures
aa
Model has only 1 class
No possible class move
a
Cost dropped by    0.001%
--------------------------------------------------------------------------------
P3     1 classes,    1 leaves,  Pcost    33.0  Tcost    2891.0,  Cost    2924.0
Sample  1 Spec_s5m1c__000000912300
--------------------------------------------------------------------------------


================================================================================
Cycle 11 | 50 steps of costing, assignment and adjustments
================================================================================
aa........aa........aa........aa
Attempting class moves until 4 successive failures
aa
Model has only 1 class
No possible class move
a
Cost dropped by    0.000%
--------------------------------------------------------------------------------
P3     1 classes,    1 leaves,  Pcost    33.0  Tcost    2890.9,  Cost    2924.0
Sample  1 Spec_s5m1c__000000912300
--------------------------------------------------------------------------------


================================================================================
Cycle 12 | 50 steps of costing, assignment and adjustments
================================================================================
aa........aa........aa........aa
Attempting class moves until 4 successive failures
aa
Model has only 1 class
No possible class move
a
Cost dropped by    0.000%
--------------------------------------------------------------------------------
P3     1 classes,    1 leaves,  Pcost    33.0  Tcost    2890.9,  Cost    2924.0
Sample  1 Spec_s5m1c__000000912300
--------------------------------------------------------------------------------


================================================================================
Cycle 13 | 50 steps of costing, assignment and adjustments
================================================================================
aa........aa........aa........aa
Attempting class moves until 4 successive failures
aa
Model has only 1 class
No possible class move
a
Cost dropped by    0.000%
--------------------------------------------------------------------------------
P3     1 classes,    1 leaves,  Pcost    33.0  Tcost    2890.9,  Cost    2924.0
Sample  1 Spec_s5m1c__000000912300
--------------------------------------------------------------------------------


================================================================================
Cycle 14 | 50 steps of costing, assignment and adjustments
================================================================================
aa........aa........aa........aa
Attempting class moves until 4 successive failures
aa
Model has only 1 class
No possible class move
a
Cost dropped by    0.000%
--------------------------------------------------------------------------------
P3     1 classes,    1 leaves,  Pcost    33.1  Tcost    2890.9,  Cost    2924.0
Sample  1 Spec_s5m1c__000000912300
--------------------------------------------------------------------------------


================================================================================
Cycle 15 | 50 steps of costing, assignment and adjustments
================================================================================
aa........aa........aa........aa
Attempting class moves until 4 successive failures
aa
Model has only 1 class
No possible class move
a
Cost dropped by    0.000%
--------------------------------------------------------------------------------
P3     1 classes,    1 leaves,  Pcost    33.1  Tcost    2890.9,  Cost    2924.0
Sample  1 Spec_s5m1c__000000912300
--------------------------------------------------------------------------------


================================================================================
Cycle 16 | 50 steps of costing, assignment and adjustments
================================================================================
aa........aa........aa........aa
Attempting class moves until 4 successive failures
aa
Model has only 1 class
No possible class move
a
Cost dropped by    0.000%
--------------------------------------------------------------------------------
P3     1 classes,    1 leaves,  Pcost    33.1  Tcost    2890.9,  Cost    2924.0
Sample  1 Spec_s5m1c__000000912300
--------------------------------------------------------------------------------


================================================================================
Cycle 17 | 50 steps of costing, assignment and adjustments
================================================================================
aa........aa........aa........aa
Attempting class moves until 4 successive failures
aa
Model has only 1 class
No possible class move
a
Cost dropped by    0.000%
--------------------------------------------------------------------------------
P3     1 classes,    1 leaves,  Pcost    33.1  Tcost    2890.9,  Cost    2923.9
Sample  1 Spec_s5m1c__000000912300
--------------------------------------------------------------------------------


================================================================================
Cycle 18 | 50 steps of costing, assignment and adjustments
================================================================================
aa........aa........aa........aa
Attempting class moves until 4 successive failures
aa
Model has only 1 class
No possible class move
a
Cost dropped by    0.000%
--------------------------------------------------------------------------------
P3     1 classes,    1 leaves,  Pcost    33.1  Tcost    2890.9,  Cost    2923.9
Sample  1 Spec_s5m1c__000000912300
--------------------------------------------------------------------------------


================================================================================
Cycle 19 | 50 steps of costing, assignment and adjustments
================================================================================
aa........aa........aa........aa
Attempting class moves until 4 successive failures
aa
Model has only 1 class
No possible class move
a
Cost dropped by    0.000%
--------------------------------------------------------------------------------
P3     1 classes,    1 leaves,  Pcost    33.1  Tcost    2890.9,  Cost    2923.9
Sample  1 Spec_s5m1c__000000912300
--------------------------------------------------------------------------------


================================================================================
Cycle 20 | 50 steps of costing, assignment and adjustments
================================================================================
aa........aa........aa........aa
Attempting class moves until 4 successive failures
aa
Model has only 1 class
No possible class move
a
Cost dropped by    0.000%
--------------------------------------------------------------------------------
P3     1 classes,    1 leaves,  Pcost    33.1  Tcost    2890.9,  Cost    2923.9
Sample  1 Spec_s5m1c__000000912300
--------------------------------------------------------------------------------


================================================================================
Cycle 21 | 50 steps of costing, assignment and adjustments
================================================================================
aa........aa........aa........aa
Attempting class moves until 4 successive failures
aa
Model has only 1 class
No possible class move
a
Cost dropped by    0.000%
--------------------------------------------------------------------------------
P3     1 classes,    1 leaves,  Pcost    33.1  Tcost    2890.8,  Cost    2923.9
Sample  1 Spec_s5m1c__000000912300
--------------------------------------------------------------------------------


================================================================================
Cycle 22 | 50 steps of costing, assignment and adjustments
================================================================================
aa........aa........aa........aa
Attempting class moves until 4 successive failures
aa
Model has only 1 class
No possible class move
a
Cost dropped by    0.000%
--------------------------------------------------------------------------------
P3     1 classes,    1 leaves,  Pcost    33.1  Tcost    2890.8,  Cost    2923.9
Sample  1 Spec_s5m1c__000000912300
--------------------------------------------------------------------------------


================================================================================
Cycle 23 | 50 steps of costing, assignment and adjustments
================================================================================
aa........aa........aa........aa
Attempting class moves until 4 successive failures
aa
Model has only 1 class
No possible class move
a
Cost dropped by    0.000%
--------------------------------------------------------------------------------
P3     1 classes,    1 leaves,  Pcost    33.1  Tcost    2890.8,  Cost    2923.9
Sample  1 Spec_s5m1c__000000912300
--------------------------------------------------------------------------------


================================================================================
Cycle 24 | 50 steps of costing, assignment and adjustments
================================================================================
aa........aa........aa........aa
Attempting class moves until 4 successive failures
aa
Model has only 1 class
No possible class move
a
Cost dropped by    0.000%
--------------------------------------------------------------------------------
P3     1 classes,    1 leaves,  Pcost    33.1  Tcost    2890.8,  Cost    2923.9
Sample  1 Spec_s5m1c__000000912300
--------------------------------------------------------------------------------


================================================================================
Cycle 25 | 50 steps of costing, assignment and adjustments
================================================================================
aa........aa........aa........aa
Attempting class moves until 4 successive failures
aa
Model has only 1 class
No possible class move
a
Cost dropped by    0.000%
--------------------------------------------------------------------------------
P3     1 classes,    1 leaves,  Pcost    33.1  Tcost    2890.8,  Cost    2923.9
Sample  1 Spec_s5m1c__000000912300
--------------------------------------------------------------------------------
WARNING: Classification did not converge after 25 cycles

S    1  LEAF    Root Age1019  Sz1000.0  Use Fac Vv  0.86  +-0.482 Avv 0.001 
Pcosts  S:    15.66  F:    33.11  D:     0.00  B:    33.11
Tcosts  S:  3465.99  F:  2154.00  D:     0.00  B:  2890.83
Vcost     ---------  F:   736.82
totals  S:  3481.65  F:  2923.93  D:     0.00  B:  2923.93
V  1  Cnt1000.0   In  Adj    0.33
 PR:   0.515  0.485
 FR:   0.522  0.478
 BP:  -1.061  1.061 +-  0.064
V  2  Cnt1000.0   In  Adj    0.33
 PR:   0.503  0.497
 FR:   0.502  0.498
 BP:  -1.273  1.273 +-  0.076
V  3  Cnt1000.0   In  Adj    0.30
 PR:   0.471  0.529
 FR:   0.445  0.555
 BP:  -1.257  1.257 +-  0.074
V  4  Cnt1000.0   In  Adj    0.30
 PR:   0.494  0.506
 FR:   0.487  0.513
 BP:  -1.172  1.172 +-  0.070
V  5  Cnt1000.0   In  Adj    0.30
 PR:   0.497  0.503
 FR:   0.491  0.509
 BP:  -1.345  1.345 +-  0.080
--------------------------------------------------------------------------------
P3     1 classes,    1 leaves,  Pcost    33.1  Tcost    2890.8,  Cost    2923.9
Sample  1 Spec_s5m1c__000000912300
--------------------------------------------------------------------------------
CPU Time:          1.105 s
Elapsed Time:      1.110 s
