################################################################################
Factor SNOB - Mixture Modelling by Minimum Message Length (MML) with Factors
################################################################################
Loading vset: ../examples/5r8c.v
Loading sample: ../examples/5r8c.s
Number of active cases = 400
Begin sort of 400 cases
Finished sort
       id        V1        V2        V3        V4        V5 
     1001      1.22     -0.15      0.37      0.12      0.39 
     1002      1.31      0.29      -0.3     -0.47      0.71 
     1003       1.1     -0.03      0.47      0.03     -0.36 
     1004      0.79      -0.4      0.26     -0.49       0.2 
     1005      1.47      0.37      -0.4      -0.2     -0.29 
      ...       ...       ...       ...       ...       ... 
     8046      19.8      19.9      19.9      20.7      0.12 
     8047      20.3      19.9      19.3      20.7      0.25 
     8048      19.5      19.8      20.8      21.9       0.1 
     8049      20.1      19.4      20.4      20.6     -0.08 
     8050      19.9      19.9      20.7      21.3      0.15 
[400 items x 5 attributes]

ll.la
S    1  LEAF    Root Age   5  Sz 400.0  Use Pln(Vv  0.00  +-1.000 Avv 0.000)
Pcosts  S:    26.74  F:   526.74  D:     0.00  B:    26.74
Tcosts  S: 15229.99  F: 19234.91  D:     0.00  B: 15229.99
Vcost     ---------  F:     0.00
totals  S: 15256.73  F: 19761.64  D:     0.00  B: 15256.73



================================================================================
Cycle 1 | 50 steps of costing, assignment and adjustments
================================================================================
aa...
Changing type of class    1  from Leaf to Dad
AAAA.AA...
Changing type of class    2  from Leaf to Dad
Changing type of class    3  from Leaf to Dad
AAAA.AA...
Changing type of class    4  from Leaf to Dad
Changing type of class    6  from Leaf to Dad
aA
Changing type of class    5  from Leaf to Dad
aAAA
Changing type of class    7  from Leaf to Dad
aAAA.....AA......AAA
Attempting class moves until 4 successive failures
aADdDDdddddddDDDDdddddddDDDDdddDDDddddDdDDdddddddDDDDdddddddDDDDddddDdDDddddddDd
dddDDDDddddddDddddddDddddDdDDddddddDddddDDDDddddddDddddddDddddDdDDddddddDddddddD
ddddddDddddDDDDddddDdDDddddddDddddddDddddddDddddDDDDdddddDdDddddDDdDdddddDdDdddd
dDdddddDdddddDdddddDdDdddddDdDdddddDdDddddDDdddddDdddddDdddddDdDdddddDdDdddddDdD
dddddDdddddDdddddDdddddDdDdddddDdDdddddDdDdddddDdddddDdddddDdddddDdDdddddDdDdddd
dDdDdddddDdddddDdddddDdddddDdDdddddDdDdddddDdDdddddDdddddDdddddDdddddDdDdddddDdD
dddddDdDdddddDdddddDdddddDdddddDdDdddddDdDdddddDdDdddddDdddddDdddddDdddd
TRYING MOVE CLASS      5 TO DAD      4
DDDDddddLLLaAaAAA
ACCEPTED !!!
Popln  3 on sample  1,  14 classes,   400 things  Cost   10745.03

  Assign mode Partial    --- Adjust: Params Scores Tree
    1  Dad   Fac Scan     400 RelAb 1.000  Size   400.0
       2  Dad       Scan     200 RelAb 0.500  Size   200.0
          5  Dad   Fac Scan     115 RelAb 0.239  Size    95.9
            12 Leaf       Scan      67 RelAb 0.121  Size    48.6
            13 Leaf       Scan      61 RelAb 0.118  Size    47.3
          8 Leaf       Scan      75 RelAb 0.132  Size    52.5
          9 Leaf       Scan      65 RelAb 0.129  Size    51.6
       3  Dad       Scan     200 RelAb 0.500  Size   200.0
          6  Dad   Fac Scan     119 RelAb 0.257  Size   102.9
            10 Leaf       Scan      66 RelAb 0.128  Size    51.1
            11 Leaf       Scan      67 RelAb 0.129  Size    51.8
          7  Dad   Fac Scan     114 RelAb 0.243  Size    97.1
            14 Leaf       Scan      64 RelAb 0.123  Size    49.0
            15 Leaf       Scan      66 RelAb 0.120  Size    48.1
aaDdDDddddddDDDDDDddddddDDDDDdddDDDdddddDdDdddddDdddddDdddddDdddddDdddddDdDddddD
DdddddDdddddDdddddDddddDdDDddddddDddddddDddddddDdddddDDDdddddDDDdddddDdDdddddDdd
dddDdddddDDDdddddDDDdddddDdDdddddDdddddDddddDdDDdddddDdDDddddDdDDddddddDddddddDd
dddDDDDdddddDdDdddddDdDdddddDdddddDdDdddddDdddddDdDdddddDdDdddddDdddddDdDdddddDd
dddDdDDddddddDddddddDddddDDDDdddddDdDdddddDdDdddddDdddddDdDdddddDdddddDdDdddddDd
DdddddDdddddDdDdddddDdddd
TRYING MOVE CLASS      7 TO DAD      6
DDDDddddLLlaAaaAA
ACCEPTED !!!
Popln  1 on sample  1,  13 classes,   400 things  Cost   10735.93

  Assign mode Partial    --- Adjust: Params Scores Tree
    1  Dad   Fac Scan     400 RelAb 1.000  Size   400.0
       2  Dad       Scan     200 RelAb 0.500  Size   200.0
          5  Dad   Fac Scan     115 RelAb 0.239  Size    95.9
            12 Leaf       Scan      67 RelAb 0.121  Size    48.6
            13 Leaf       Scan      61 RelAb 0.118  Size    47.3
          8 Leaf       Scan      75 RelAb 0.131  Size    52.5
          9 Leaf       Scan      65 RelAb 0.129  Size    51.6
       3  Dad       Scan     200 RelAb 0.500  Size   200.0
          7  Dad   Fac Scan     114 RelAb 0.242  Size    97.0
            14 Leaf       Scan      64 RelAb 0.122  Size    48.9
            15 Leaf       Scan      66 RelAb 0.120  Size    48.1
         10 Leaf       Scan      66 RelAb 0.128  Size    51.2
         11 Leaf       Scan      67 RelAb 0.130  Size    51.8
aaDdDDddddddDDDDDddddDdDDddddddDddddddDdddddDDDdddddDDdddddDdddddDdddddDDDdddddD
DdddddDdddddDdddddDdDdddddDdddddDdddddDdddddDdDddddDDdddddDdddddDddddDdDDddddddD
DDdddddDdDdddddDdddddDdddddDdddddDdDdddddDdddddDdddddDddddDdDDddddddDddddddDdddd
dDDDdddddDdddddDdddddDDdddddDDDdddddDdddddDdddddDDdddd
TRYING MOVE CLASS     12 TO DAD      2
dDDddddLllaAAAAA
ACCEPTED !!!
Popln  3 on sample  1,  12 classes,   400 things  Cost   10726.16

  Assign mode Partial    --- Adjust: Params Scores Tree
    1  Dad   Fac Scan     400 RelAb 1.000  Size   400.0
       2  Dad       Scan     200 RelAb 0.500  Size   200.0
          5 Leaf       Scan     115 RelAb 0.120  Size    47.7
          8 Leaf       Scan      75 RelAb 0.130  Size    52.2
          9 Leaf       Scan      65 RelAb 0.129  Size    51.5
         12 Leaf       Scan      67 RelAb 0.121  Size    48.6
       3  Dad       Scan     200 RelAb 0.500  Size   200.0
          7  Dad   Fac Scan     114 RelAb 0.242  Size    97.0
            14 Leaf       Scan      64 RelAb 0.122  Size    48.9
            15 Leaf       Scan      66 RelAb 0.120  Size    48.1
         10 Leaf       Scan      66 RelAb 0.128  Size    51.2
         11 Leaf       Scan      67 RelAb 0.130  Size    51.8
aaDdDddddddDDDddddddDDdddddDdddddDddddddDDdddddDdddddDddddddDDdddddDdddddDdddddd
DDdddddDdddddDdddddDDDddddDdDddddddDdddddDDdddddDDdddddDDdddddDDdddddDDdddddDDdd
dddDdDdddddDdddddDdddddDdDdddddDdddddDdddd
TRYING MOVE CLASS     14 TO DAD      3
dDDddddLlLaAAAAA
ACCEPTED !!!
Popln  1 on sample  1,  11 classes,   400 things  Cost   10716.74

  Assign mode Partial    --- Adjust: Params Scores Tree
    1  Dad   Fac Scan     400 RelAb 1.000  Size   400.0
       2  Dad       Scan     200 RelAb 0.500  Size   200.0
          5 Leaf       Scan     115 RelAb 0.119  Size    47.6
          8 Leaf       Scan      75 RelAb 0.131  Size    52.3
          9 Leaf       Scan      65 RelAb 0.129  Size    51.6
         12 Leaf       Scan      67 RelAb 0.121  Size    48.6
       3  Dad       Scan     200 RelAb 0.500  Size   200.0
          7 Leaf       Scan     114 RelAb 0.120  Size    48.1
         10 Leaf       Scan      66 RelAb 0.128  Size    51.2
         11 Leaf       Scan      67 RelAb 0.129  Size    51.7
         14 Leaf       Scan      64 RelAb 0.122  Size    48.9
aadDDddddddDdddddDddddddDdddddDddddddDdddddDddddddDdddddDdddddDDddddddDdddddDddd
dddDdddddDddddddDdddddDddddddDdddddDdddd
TRYING MOVE CLASS      3 TO DAD      2
dDDddddLLLAAaaaA
Failed ******
A
Badmove rejects Move      2      3
ddDdddddDddddddDdddddDddddddDdddddDddddddDdddddDdddd
Badmove rejects Move      3      2
ddDdddddDddddddDdddddDddddddDdddddDddddddDdddddDdddd
TRYING MOVE CLASS      8 TO DAD      1
ddDddddLLLAAaaaA
Failed ******
A
Badmove rejects Move      2      3
ddDdddddDdddd
Badmove rejects Move      8      1
dDddddddDdddddDddddddDdddddDdddd
Badmove rejects Move      3      2
ddDdddddDddddddDdddddDddddddDdddddDddddddDdddddDdddd
TRYING MOVE CLASS     11 TO DAD      1
ddDddddLLLAAaaAA
Failed ******
A
Badmove rejects Move      2      3
ddDdddddDdddd
Badmove rejects Move      8      1
dDddddddDdddddDddddddDdddddDdddd
Badmove rejects Move      3      2
ddDdddddDddddddDdddddDddddddDdddddDdddd
Badmove rejects Move     11      1
dDdddd
TRYING MOVE CLASS      5 TO DAD      1
ddDddddLLlAAaaaA
Failed ******
A
Cost dropped by    0.000%
--------------------------------------------------------------------------------
P1    11 classes,    8 leaves,  Pcost   288.7  Tcost   10427.9,  Cost   10716.6
Sample  1 Trial_Data
--------------------------------------------------------------------------------


================================================================================
Cycle 2 | 50 steps of costing, assignment and adjustments
================================================================================
aa........Aa........aa........aa...aa
Attempting class moves until 4 successive failures
AadDDddddddDdddddDddddddDdddddDddddddDdddddDddddddDdddddDdddddDDddddddDdddddDddd
dddDdddddDddddddDdddddDddddddDdddddDdddd
TRYING MOVE CLASS      3 TO DAD      2
dDDddddlLLAAaaaA
Failed ******
a
Badmove rejects Move      2      3
ddDdddddDddddddDdddddDddddddDdddddDddddddDdddddDdddd
Badmove rejects Move      3      2
ddDdddddDddddddDdddddDddddddDdddddDddddddDdddddDdddd
TRYING MOVE CLASS      8 TO DAD      1
ddDddddlLLAAaaaA
Failed ******
a
Badmove rejects Move      2      3
ddDdddddDdddd
Badmove rejects Move      8      1
dDddddddDdddddDddddddDdddddDdddd
Badmove rejects Move      3      2
ddDdddddDddddddDdddddDddddddDdddddDddddddDdddddDdddd
TRYING MOVE CLASS     11 TO DAD      1
ddDddddlLLAAaaAA
Failed ******
a
Badmove rejects Move      2      3
ddDdddddDdddd
Badmove rejects Move      8      1
dDddddddDdddddDddddddDdddddDdddd
Badmove rejects Move      3      2
ddDdddddDddddddDdddddDddddddDdddddDdddd
Badmove rejects Move     11      1
dDdddd
TRYING MOVE CLASS      5 TO DAD      1
ddDddddlLlAAaaaA
Failed ******
Cost dropped by   29.758%
--------------------------------------------------------------------------------
P1    11 classes,    8 leaves,  Pcost   288.7  Tcost   10427.9,  Cost   10716.6
Sample  1 Trial_Data
--------------------------------------------------------------------------------


================================================================================
Cycle 3 | 50 steps of costing, assignment and adjustments
================================================================================
aa........Aa........aa...aa...aa
Attempting class moves until 4 successive failures
aadDDddddddDdddddDddddddDdddddDddddddDdddddDddddddDdddddDdddddDDddddddDdddddDddd
dddDdddddDddddddDdddddDddddddDdddddDdddd
TRYING MOVE CLASS      3 TO DAD      2
dDDddddlLLAAaaaA
Failed ******
a
Badmove rejects Move      2      3
ddDdddddDddddddDdddddDddddddDdddddDddddddDdddddDdddd
Badmove rejects Move      3      2
ddDdddddDddddddDdddddDddddddDdddddDddddddDdddddDdddd
TRYING MOVE CLASS      8 TO DAD      1
ddDddddlLLAAaaaA
Failed ******
a
Badmove rejects Move      2      3
ddDdddddDdddd
Badmove rejects Move      8      1
dDddddddDdddddDddddddDdddddDdddd
Badmove rejects Move      3      2
ddDdddddDddddddDdddddDddddddDdddddDddddddDdddddDdddd
TRYING MOVE CLASS     11 TO DAD      1
ddDddddlLLAAaaAA
Failed ******
a
Badmove rejects Move      2      3
ddDdddddDdddd
Badmove rejects Move      8      1
dDddddddDdddddDddddddDdddddDdddd
Badmove rejects Move      3      2
ddDdddddDddddddDdddddDddddddDdddddDdddd
Badmove rejects Move     11      1
dDdddd
TRYING MOVE CLASS      5 TO DAD      1
ddDddddlLlAAaaaA
Failed ******
Cost dropped by    0.000%
--------------------------------------------------------------------------------
P1    11 classes,    8 leaves,  Pcost   288.7  Tcost   10427.9,  Cost   10716.6
Sample  1 Trial_Data
--------------------------------------------------------------------------------


================================================================================
Cycle 4 | 50 steps of costing, assignment and adjustments
================================================================================
aa........Aa........aa........aaaa
Attempting class moves until 4 successive failures
aadDDddddddDdddddDddddddDdddddDddddddDdddddDddddddDdddddDdddddDDddddddDdddddDddd
dddDdddddDddddddDdddddDddddddDdddddDdddd
TRYING MOVE CLASS      3 TO DAD      2
dDDddddlLlAAaaaA
Failed ******
a
Badmove rejects Move      2      3
ddDdddddDddddddDdddddDddddddDdddddDddddddDdddddDdddd
Badmove rejects Move      3      2
ddDdddddDddddddDdddddDddddddDdddddDddddddDdddddDdddd
TRYING MOVE CLASS      8 TO DAD      1
ddDddddlLLAAaaaA
Failed ******
a
Badmove rejects Move      2      3
ddDdddddDdddd
Badmove rejects Move      8      1
dDddddddDdddddDddddddDdddddDdddd
Badmove rejects Move      3      2
ddDdddddDddddddDdddddDddddddDdddddDddddddDdddddDdddd
TRYING MOVE CLASS     11 TO DAD      1
ddDddddlLLAAaaAA
Failed ******
a
Badmove rejects Move      2      3
ddDdddddDdddd
Badmove rejects Move      8      1
dDddddddDdddddDddddddDdddddDdddd
Badmove rejects Move      3      2
ddDdddddDddddddDdddddDddddddDdddddDdddd
Badmove rejects Move     11      1
dDdddd
TRYING MOVE CLASS      5 TO DAD      1
ddDddddlLlAAaaaA
Failed ******
Cost dropped by    0.000%
--------------------------------------------------------------------------------
P1    11 classes,    8 leaves,  Pcost   288.7  Tcost   10427.9,  Cost   10716.6
Sample  1 Trial_Data
--------------------------------------------------------------------------------
Classification converged after 4 cycles

S    1   DAD    Root Age 202  Sz 400.0  Use Fac Vv  1.30  +-0.048 Avv-0.000    2 sons
Pcosts  S:    26.75  F:   280.50  D:   288.73  B:   288.73
Tcosts  S: 15229.98  F: 10850.72  D: 10427.88  B: 10427.88
Vcost     ---------  F:  1351.96
totals  S: 15256.73  F: 12483.18  D: 10716.61  B: 10716.61
V  1  Cnt 400.0   In
 N: Cost    13.5  Mu  10.278+-   6.926  SD   0.315+-   0.057
 S: Cost  3337.3  Mu  10.277  SD  10.006
 F: Cost  2306.2  Mu  10.277  SD   0.744  Ld   7.639
V  2  Cnt 400.0   In
 N: Cost    12.8  Mu  10.243+-   6.914  SD   0.326+-   0.073
 S: Cost  3337.1  Mu  10.245  SD  10.001
 F: Cost  2306.7  Mu  10.245  SD   0.745  Ld   7.635
V  3  Cnt 400.0   In
 N: Cost    12.3  Mu  10.237+-   6.934  SD   0.342+-   0.087
 S: Cost  3338.3  Mu  10.244  SD  10.030
 F: Cost  2297.5  Mu  10.245  SD   0.728  Ld   7.658
V  4  Cnt 400.0   In
 N: Cost    13.3  Mu  10.254+-   6.925  SD   0.329+-   0.060
 S: Cost  3337.5  Mu  10.245  SD  10.010
 F: Cost  2305.9  Mu  10.245  SD   0.744  Ld   7.642
V  5  Cnt 400.0   In
 N: Cost    11.8  Mu  -0.004+-   0.041  SD   0.278+-   0.047
 S: Cost  1906.5  Mu  -0.003  SD   0.280
 F: Cost  1910.0  Mu  -0.003  SD   0.280  Ld  -0.008

S    2   DAD Dad    1  Age 197  Sz 200.0  Use Pln(Vv  0.81  +-0.584 Avv 0.001)   4 sons
Pcosts  S:    39.66  F:    49.41  D:   108.45  B:   108.45
Tcosts  S:  5414.00  F:  5296.37  D:  5241.42  B:  5241.42
Vcost     ---------  F:   107.97
totals  S:  5453.66  F:  5453.75  D:  5349.87  B:  5349.87
V  1  Cnt 200.0   In
 N: Cost     9.6  Mu  20.228+-   0.904  SD   0.303+-   0.041
 S: Cost  1093.7  Mu  20.258  SD   0.517
 F: Cost   989.2  Mu  20.257  SD   0.325  Ld   0.428
V  2  Cnt 200.0   In
 N: Cost     9.6  Mu  20.173+-   0.881  SD   0.298+-   0.054
 S: Cost  1091.4  Mu  20.221  SD   0.525
 F: Cost  1087.3  Mu  20.221  SD   0.509  Ld  -0.136
V  3  Cnt 200.0   In
 N: Cost    10.4  Mu  20.207+-   0.790  SD   0.326+-   0.053
 S: Cost  1082.2  Mu  20.250  SD   0.509
 F: Cost  1078.1  Mu  20.251  SD   0.492  Ld  -0.133
V  4  Cnt 200.0   In
 N: Cost     9.6  Mu  20.196+-   0.879  SD   0.326+-   0.047
 S: Cost  1095.3  Mu  20.229  SD   0.527
 F: Cost  1094.4  Mu  20.229  SD   0.519  Ld  -0.103
V  5  Cnt 200.0   In
 N: Cost     3.5  Mu  -0.012+-   0.034  SD   0.277+-   0.042
 S: Cost   952.5  Mu  -0.012  SD   0.280
 F: Cost   953.7  Mu  -0.012  SD   0.277  Ld  -0.038

S    5  LEAF Dad    2  Age 193  Sz  47.5  Use Pln(Vv  0.53B +-0.788 Avv-0.020)
Pcosts  S:    13.08  F:    22.44  D:     0.00  B:    13.08
Tcosts  S:  1249.71  F:  1243.86  D:     0.00  B:  1249.71
Vcost     ---------  F:     9.11
totals  S:  1262.79  F:  1275.42  D:     0.00  B:  1262.79
V  1  Cnt  47.5   In
 S: Cost   233.6  Mu  21.061  SD   0.303
 F: Cost   232.6  Mu  21.059  SD   0.289  Ld  -0.111
V  2  Cnt  47.5   In
 S: Cost   234.7  Mu  19.959  SD   0.309
 F: Cost   234.6  Mu  19.961  SD   0.297  Ld   0.094
V  3  Cnt  47.5   In
 S: Cost   234.0  Mu  19.992  SD   0.314
 F: Cost   235.4  Mu  19.993  SD   0.309  Ld   0.053
V  4  Cnt  47.5   In
 S: Cost   239.4  Mu  19.976  SD   0.339
 F: Cost   239.2  Mu  19.978  SD   0.327  Ld   0.107
V  5  Cnt  47.5   In
 S: Cost   219.7  Mu  -0.024  SD   0.250
 F: Cost   219.3  Mu  -0.024  SD   0.240  Ld   0.081

S    8  LEAF Dad    2  Age 189  Sz  52.3  Use Pln(Vv  0.60  +-0.744 Avv-0.005)
Pcosts  S:    13.29  F:    22.82  D:     0.00  B:    13.29
Tcosts  S:  1386.46  F:  1375.95  D:     0.00  B:  1386.46
Vcost     ---------  F:    13.36
totals  S:  1399.76  F:  1412.13  D:     0.00  B:  1399.76
V  1  Cnt  52.3   In
 S: Cost   259.6  Mu  20.014  SD   0.316
 F: Cost   260.9  Mu  20.014  SD   0.312  Ld  -0.057
V  2  Cnt  52.3   In
 S: Cost   262.6  Mu  19.956  SD   0.330
 F: Cost   255.2  Mu  19.957  SD   0.286  Ld   0.191
V  3  Cnt  52.3   In
 S: Cost   259.9  Mu  20.925  SD   0.324
 F: Cost   257.7  Mu  20.925  SD   0.303  Ld  -0.133
V  4  Cnt  52.3   In
 S: Cost   256.4  Mu  19.972  SD   0.310
 F: Cost   257.8  Mu  19.972  SD   0.306  Ld  -0.053
V  5  Cnt  52.3   In
 S: Cost   254.8  Mu  -0.001  SD   0.299
 F: Cost   256.8  Mu  -0.001  SD   0.297  Ld  -0.016

S    9  LEAF Dad    2  Age 189  Sz  51.6  Use Pln(Vv  0.57  +-0.767 Avv-0.016)
Pcosts  S:    13.52  F:    23.07  D:     0.00  B:    13.52
Tcosts  S:  1345.08  F:  1336.76  D:     0.00  B:  1345.08
Vcost     ---------  F:    11.49
totals  S:  1358.61  F:  1371.31  D:     0.00  B:  1358.61
V  1  Cnt  51.6   In
 S: Cost   250.9  Mu  19.999  SD   0.296
 F: Cost   252.3  Mu  19.998  SD   0.292  Ld  -0.048
V  2  Cnt  51.6   In
 S: Cost   245.0  Mu  20.984  SD   0.266
 F: Cost   245.8  Mu  20.983  SD   0.259  Ld  -0.060
V  3  Cnt  51.6   In
 S: Cost   254.8  Mu  20.056  SD   0.319
 F: Cost   254.2  Mu  20.058  SD   0.305  Ld   0.105
V  4  Cnt  51.6   In
 S: Cost   252.2  Mu  19.993  SD   0.308
 F: Cost   254.3  Mu  19.993  SD   0.307  Ld  -0.009
V  5  Cnt  51.6   In
 S: Cost   250.0  Mu  -0.018  SD   0.294
 F: Cost   243.7  Mu  -0.017  SD   0.261  Ld   0.164

S   12  LEAF Dad    2  Age 189  Sz  48.6  Use Pln(Vv  0.59  +-0.749 Avv 0.002)
Pcosts  S:    13.09  F:    22.49  D:     0.00  B:    13.09
Tcosts  S:  1276.49  F:  1267.55  D:     0.00  B:  1276.49
Vcost     ---------  F:    11.88
totals  S:  1289.59  F:  1301.93  D:     0.00  B:  1289.59
V  1  Cnt  48.6   In
 S: Cost   234.7  Mu  20.008  SD   0.289
 F: Cost   235.4  Mu  20.008  SD   0.283  Ld  -0.070
V  2  Cnt  48.6   In
 S: Cost   232.9  Mu  19.954  SD   0.277
 F: Cost   234.9  Mu  19.954  SD   0.275  Ld  -0.015
V  3  Cnt  48.6   In
 S: Cost   244.8  Mu  19.983  SD   0.342
 F: Cost   238.7  Mu  19.983  SD   0.301  Ld   0.194
V  4  Cnt  48.6   In
 S: Cost   246.0  Mu  21.003  SD   0.345
 F: Cost   244.0  Mu  21.004  SD   0.324  Ld   0.142
V  5  Cnt  48.6   In
 S: Cost   228.8  Mu  -0.008  SD   0.267
 F: Cost   230.8  Mu  -0.008  SD   0.266  Ld  -0.002

S    3   DAD Dad    1  Age 197  Sz 200.0  Use Pln(Vv  0.82  +-0.564 Avv-0.000)   4 sons
Pcosts  S:    38.69  F:    50.60  D:   110.42  B:   110.42
Tcosts  S:  5397.35  F:  5273.71  D:  5186.46  B:  5186.46
Vcost     ---------  F:   114.15
totals  S:  5436.05  F:  5438.46  D:  5296.88  B:  5296.88
V  1  Cnt 200.0   In
 N: Cost     9.7  Mu   0.327+-   0.851  SD   0.293+-   0.044
 S: Cost  1085.9  Mu   0.296  SD   0.504
 F: Cost  1085.5  Mu   0.296  SD   0.496  Ld   0.091
V  2  Cnt 200.0   In
 N: Cost     9.8  Mu   0.312+-   0.851  SD   0.300+-   0.052
 S: Cost  1084.0  Mu   0.270  SD   0.509
 F: Cost   975.6  Mu   0.269  SD   0.304  Ld  -0.422
V  3  Cnt 200.0   In
 N: Cost     9.9  Mu   0.264+-   0.820  SD   0.288+-   0.065
 S: Cost  1077.7  Mu   0.238  SD   0.499
 F: Cost  1072.8  Mu   0.239  SD   0.480  Ld   0.138
V  4  Cnt 200.0   In
 N: Cost     9.6  Mu   0.317+-   0.943  SD   0.296+-   0.042
 S: Cost  1097.7  Mu   0.261  SD   0.534
 F: Cost  1092.6  Mu   0.261  SD   0.515  Ld   0.149
V  5  Cnt 200.0   In
 N: Cost     3.8  Mu   0.004+-   0.033  SD   0.279+-   0.036
 S: Cost   952.1  Mu   0.005  SD   0.279
 F: Cost   954.5  Mu   0.005  SD   0.279  Ld  -0.021

S    7  LEAF Dad    3  Age 190  Sz  48.1  Use Pln(Vv  0.61  +-0.731 Avv-0.007)
Pcosts  S:    13.74  F:    23.43  D:     0.00  B:    13.74
Tcosts  S:  1246.32  F:  1234.89  D:     0.00  B:  1246.32
Vcost     ---------  F:    12.96
totals  S:  1260.06  F:  1271.28  D:     0.00  B:  1260.06
V  1  Cnt  48.1   In
 S: Cost   233.9  Mu   0.078  SD   0.292
 F: Cost   232.8  Mu   0.079  SD   0.278  Ld   0.106
V  2  Cnt  48.1   In
 S: Cost   237.0  Mu   0.039  SD   0.308
 F: Cost   233.0  Mu   0.039  SD   0.279  Ld   0.153
V  3  Cnt  48.1   In
 S: Cost   221.5  Mu   0.021  SD   0.231
 F: Cost   222.6  Mu   0.021  SD   0.226  Ld  -0.047
V  4  Cnt  48.1   In
 S: Cost   237.1  Mu   1.098  SD   0.305
 F: Cost   236.8  Mu   1.097  SD   0.294  Ld  -0.099
V  5  Cnt  48.1   In
 S: Cost   228.7  Mu   0.002  SD   0.278
 F: Cost   227.4  Mu   0.002  SD   0.265  Ld   0.105

S   10  LEAF Dad    3  Age 189  Sz  51.3  Use Pln(Vv  0.56  +-0.773 Avv-0.004)
Pcosts  S:    13.42  F:    23.08  D:     0.00  B:    13.42
Tcosts  S:  1338.63  F:  1330.40  D:     0.00  B:  1338.63
Vcost     ---------  F:    11.03
totals  S:  1352.04  F:  1364.51  D:     0.00  B:  1352.04
V  1  Cnt  51.3   In
 S: Cost   254.9  Mu   1.031  SD   0.314
 F: Cost   252.9  Mu   1.031  SD   0.296  Ld  -0.126
V  2  Cnt  51.3   In
 S: Cost   247.7  Mu  -0.003  SD   0.286
 F: Cost   245.2  Mu  -0.004  SD   0.265  Ld  -0.121
V  3  Cnt  51.3   In
 S: Cost   252.0  Mu   0.015  SD   0.303
 F: Cost   253.8  Mu   0.015  SD   0.300  Ld   0.034
V  4  Cnt  51.3   In
 S: Cost   248.8  Mu  -0.009  SD   0.291
 F: Cost   247.3  Mu  -0.009  SD   0.276  Ld   0.110
V  5  Cnt  51.3   In
 S: Cost   243.3  Mu   0.008  SD   0.275
 F: Cost   245.1  Mu   0.008  SD   0.274  Ld  -0.026

S   11  LEAF Dad    3  Age 189  Sz  51.7  Use Pln(Vv  0.40B +-0.881 Avv-0.005)
Pcosts  S:    14.25  F:    23.58  D:     0.00  B:    14.25
Tcosts  S:  1338.94  F:  1337.89  D:     0.00  B:  1338.94
Vcost     ---------  F:     4.87
totals  S:  1353.19  F:  1366.34  D:     0.00  B:  1353.19
V  1  Cnt  51.7   In
 S: Cost   244.7  Mu  -0.006  SD   0.265
 F: Cost   246.4  Mu  -0.006  SD   0.263  Ld  -0.026
V  2  Cnt  51.7   In
 S: Cost   245.8  Mu   0.046  SD   0.268
 F: Cost   247.5  Mu   0.046  SD   0.266  Ld   0.023
V  3  Cnt  51.7   In
 S: Cost   260.4  Mu   0.943  SD   0.332
 F: Cost   262.0  Mu   0.943  SD   0.329  Ld  -0.037
V  4  Cnt  51.7   In
 S: Cost   247.0  Mu   0.023  SD   0.275
 F: Cost   246.5  Mu   0.023  SD   0.266  Ld  -0.081
V  5  Cnt  51.7   In
 S: Cost   249.5  Mu  -0.001  SD   0.289
 F: Cost   249.3  Mu  -0.001  SD   0.282  Ld   0.078

S   14  LEAF Dad    3  Age 189  Sz  48.9  Use Pln(Vv  0.49B +-0.837 Avv 0.008)
Pcosts  S:    13.49  F:    22.70  D:     0.00  B:    13.49
Tcosts  S:  1273.81  F:  1270.19  D:     0.00  B:  1273.81
Vcost     ---------  F:     7.15
totals  S:  1287.30  F:  1300.04  D:     0.00  B:  1287.30
V  1  Cnt  48.9   In
 S: Cost   237.2  Mu   0.056  SD   0.289
 F: Cost   237.5  Mu   0.056  SD   0.281  Ld  -0.073
V  2  Cnt  48.9   In
 S: Cost   245.3  Mu   1.017  SD   0.326
 F: Cost   244.6  Mu   1.018  SD   0.313  Ld  -0.105
V  3  Cnt  48.9   In
 S: Cost   231.5  Mu  -0.060  SD   0.258
 F: Cost   232.0  Mu  -0.060  SD   0.250  Ld  -0.063
V  4  Cnt  48.9   In
 S: Cost   238.2  Mu  -0.026  SD   0.293
 F: Cost   239.8  Mu  -0.026  SD   0.290  Ld  -0.037
V  5  Cnt  48.9   In
 S: Cost   232.4  Mu   0.012  SD   0.276
 F: Cost   232.5  Mu   0.012  SD   0.269  Ld   0.073
--------------------------------------------------------------------------------
P1    11 classes,    8 leaves,  Pcost   288.7  Tcost   10427.9,  Cost   10716.6
Sample  1 Trial_Data
--------------------------------------------------------------------------------
CPU Time:          0.172 s
Elapsed Time:      0.196 s
