################################################################################
Factor SNOB - Mixture Modelling by Minimum Message Length (MML) with Factors
################################################################################
Loading vset: ../examples/6m2r2c.v
Loading sample: ../examples/6m2r2c.s
Number of active cases = 3000
Begin sort of 3000 cases
Finished sort
       id        v1        v2        v3        v4        v5        v6        v7        v8 
     1001         1         1         1         1         2         1      3.59     -3.59 
     1002         2         1         1         1         2         1      3.21     -3.39 
     1003         1         1         1         1         2         1      3.05      -3.1 
     1004         1         1         1         1         2         1      2.76     -3.22 
     1005         1         1         1         1         2         1      3.09     -3.29 
      ...       ...       ...       ...       ...       ...       ...       ...       ... 
     3496         2         1         3         2         2         1      12.7      7.25 
     3497         1         3         3         1         2         2      12.3      7.31 
     3498         1         3         1         2         2         2        13       7.1 
     3499         1         3         2         2         2         1      13.3       7.5 
     3500         1         3         3         2         2         1        13      7.33 
[3000 items x 8 attributes]

ll.la
S    1  LEAF    Root Age   5  Sz3000.0  Use Pln(Vv  0.00  +-1.000 Avv 0.000)
Pcosts  S:    46.52  F:   846.52  D:     0.00  B:    46.52
Tcosts  S: 61277.32  F: 91283.24  D:     0.00  B: 61277.32
Vcost     ---------  F:     0.00
totals  S: 61323.84  F: 92129.76  D:     0.00  B: 61323.84



================================================================================
Cycle 1 | 50 steps of costing, assignment and adjustments
================================================================================
aa...
Changing type of class    1  from Leaf to Dad
AAAA.AA...
Changing type of class    2  from Leaf to Dad
Changing type of class    3  from Leaf to Dad
aAAA.AA...
Changing type of class    4  from Leaf to Dad
Changing type of class    5  from Leaf to Dad
Changing type of class    6  from Leaf to Dad
Changing type of class    7  from Leaf to Dad
aAAA.AA...
Changing type of class    9  from Leaf to Dad
Changing type of class   10  from Leaf to Dad
Changing type of class   13  from Leaf to Dad
Changing type of class   15  from Leaf to Dad
aAAA.AA......
Changing type of class   19  from Leaf to Dad
aAA
Attempting class moves until 4 successive failures
aAdDdDddddddDDDDddddddDDDDdddddDDDDdddddDDDDdddddDddddddDDDddddddDDDdddddDDDDddd
ddDdDDdddddDDdDdddddDdDddddddDDDdddddDddddddDDDDddddddDDDDdddddDdDddddddDDdddddd
DDdddddDdDdddddDddddddDdDdddddDddddddDDDDDddddddDDDDdddddDddDddddddDDDddddddDDDd
ddddDddddddDDddddddDDDDddddddDDDDdddddDddddddDDddddddDDdddddddDddddddDDdddddDddd
dddDDddddddDDDDddddddDDDDdddddDddddddDDddddddDDdddddddDddddddDDdddddDdddddDddddd
DdddddDdddddDdddddDdddddddddDdddddDdddddDdddddDdddddDdddddDddddddDdDdddddDddDddd
dddDdDddddddDdDdddddDddddddDdDddddddDdDdddddDDdDdddddDdddddDddddddDDDdddddDddDdd
dddDdDDDdddddDdDDDdddddDdDdDddddddDDDDdddddDDDDdddddDdddddDdddddDdddddDdddddDddd
ddDdddddddddDdddddDdddddDdddddddddDDdddddDdddddDDdddddDdddddDdddddDDdddddDDddddd
DdddddDDdddddDDdddddDDdddddDddDddddddDdddddDddddddDddddddDdddddDddddddDddddddDdd
dddDDddddddDdddddDDdddddDdddddDDdddddDdddddDDdddddDDdddddDDdddddDdddddDDdddddDDd
ddddDDdddddDddDddddddDdddddDddddddDddddddDdddddDddddddDddddddDdddddDDddddddDdddd
dDdddddDdddddDdddddddddDdddddDdddddDdddddDdddddDdddddDdddddDdddddDdddddDdddddDdd
dddddddDdddddDdddddDdddddDdddddDdddddDdddddDdddddDdddddDdddddDdddddDdddddDdddddD
dddddDdddddddddDdddddDdddddDdddddDdddddDddddddDdddddDdddddDddddddDddddddDdddddDD
ddddddDddddddDdddddDdddddDdddddDdddddDdddddDdddddDDdddddDdddddDDdddddDdddddDdddd
dDDdddddDdddddDdddddDdddddDdddddDdddddDDdddddDdddddDDdddddDdddddDdddddDDdddddDdd
dddDdddddDdddddDdddddDdddddDdddddDDdddddDDdddddDdddddDdddddDDdddddDdddddDdddddDd
ddddDdddddDdddddDdddddDdddddDdddddDdddddDdddddDdddddDdddddDdddddDdddddDdddddDddd
ddDdddddDdddddDdddddDdddddDdddddDdddddDdddddDdddddDdddddDdddddDdddddDdddddDddddd
ddddddddDdddddDdddd
TRYING MOVE CLASS      5 TO DAD      9
dDddDddddLLlAAAA
Changing type of class    3  from Dad to Leaf
Aa
ACCEPTED !!!
Popln  3 on sample  1,  14 classes,  3000 things  Cost   47936.15

  Assign mode Partial    --- Adjust: Params Scores Tree
    1  Dad   Fac Scan    3000 RelAb 1.000  Size  3000.0
       2  Dad       Scan    1500 RelAb 0.500  Size  1500.0
          8 Leaf       Scan     725 RelAb 0.136  Size   407.8
          9  Dad   Fac Scan     513 RelAb 0.364  Size  1092.2
             5  Dad       Scan     900 RelAb 0.234  Size   703.7
               10  Dad       Scan     438 RelAb 0.113  Size   341.0
                  18 Leaf       Scan     384 RelAb 0.070  Size   211.9
                  19  Dad       Scan     255 RelAb 0.043  Size   129.0
                     24 Leaf       Scan     249 RelAb 0.007  Size    21.1
                     25 Leaf       Scan     240 RelAb 0.036  Size   107.9
               11 Leaf       Scan     721 RelAb 0.121  Size   362.8
            16 Leaf       Scan     235 RelAb 0.037  Size   111.0
            17 Leaf       Scan     470 RelAb 0.093  Size   277.4
       3 Leaf   Fac Scan    1500 RelAb 0.500  Size  1500.0
aAdDdDdddddDdddddDdddddDdddddDdddddddddDDDDdddddDdDdddddDddDdddddDddDdddddDddddd
DDDDdddddDdDDdddddDddDdddddDddDdddddDddddddDDDddddddDDdddddddddddDdddddDdDdddddD
ddDdddddDddDdddddDdDdddddDddddddddddDdddddDdDdddddDDdddddDDdddddDdDDdddddDddDddd
ddDdDdddddDdddddDdddddDdDDdddddDdDdddddddDdddddDdddddddddDDDddddDDDddddDdDDddddD
dDddddddddDDdDDdddddDdDDdddddDddDDdddddDdDdDdddddDdDDdddd
TRYING MOVE CLASS      8 TO DAD      5
dDddddLLLAAAAAA
ACCEPTED !!!
Popln  1 on sample  1,  13 classes,  3000 things  Cost   47805.13

  Assign mode Partial    --- Adjust: Params Scores Tree
    1  Dad   Fac Scan    3000 RelAb 1.000  Size  3000.0
       2  Dad   Fac Scan    1500 RelAb 0.500  Size  1500.0
          5  Dad       Scan     900 RelAb 0.369  Size  1107.9
             8 Leaf       Scan     725 RelAb 0.134  Size   401.3
            10  Dad       Scan     438 RelAb 0.117  Size   350.8
               18 Leaf       Scan     384 RelAb 0.072  Size   217.6
               19  Dad       Scan     255 RelAb 0.044  Size   133.2
                  24 Leaf       Scan     249 RelAb 0.007  Size    21.3
                  25 Leaf       Scan     240 RelAb 0.037  Size   111.8
            11 Leaf       Scan     721 RelAb 0.119  Size   355.9
         16 Leaf       Scan     235 RelAb 0.038  Size   114.9
         17 Leaf       Scan     470 RelAb 0.092  Size   277.2
       3 Leaf   Fac Scan    1500 RelAb 0.500  Size  1500.0
aAdDdDdddddddDdddddDdDddddddddddDDdddddDdDddddddDDdddddDdddddDdDdddddDdddddDdddd
ddDdddddddddDDdddddDdddddDdDdddddDdddddDdddddDdDdddddDdddddDdddddddddDdDdddddddd
dddddddddDDDDdddddDddDdddddDddDdddddDdddddDdDDdddddDddDdddddDddDdddddDddDdddddDd
DdddddDddDdddddDddDdddddDDDdddd
TRYING MOVE CLASS     18 TO DAD      5
dDddddLLLAAAAAA
ACCEPTED !!!
Popln  3 on sample  1,  12 classes,  3000 things  Cost   47765.13

  Assign mode Partial    --- Adjust: Params Scores Tree
    1  Dad   Fac Scan    3000 RelAb 1.000  Size  3000.0
       2  Dad   Fac Scan    1500 RelAb 0.500  Size  1500.0
          5  Dad       Scan     900 RelAb 0.369  Size  1106.2
             8 Leaf       Scan     725 RelAb 0.132  Size   397.5
            10  Dad       Scan     438 RelAb 0.045  Size   135.1
               24 Leaf       Scan     249 RelAb 0.007  Size    21.3
               25 Leaf       Scan     240 RelAb 0.038  Size   113.7
            11 Leaf       Scan     721 RelAb 0.117  Size   351.0
            18 Leaf       Scan     384 RelAb 0.074  Size   222.6
         16 Leaf       Scan     235 RelAb 0.039  Size   117.1
         17 Leaf       Scan     470 RelAb 0.092  Size   276.7
       3 Leaf   Fac Scan    1500 RelAb 0.500  Size  1500.0
aAdDDdddddDDDddddDdDddddddddddDDddddDdDdddddDdDddddDddDddddDdddddddDdddddddddddd
dddDdddddddddddddDDDddddDddDdddddddddDDDdddddDdDdddddDdddddDDDddddDdddddddDddddd
DdddddDdDdddddDDdddd
TRYING MOVE CLASS      3 TO DAD      2
dDddddLLLAAAAAA
ACCEPTED !!!
Popln  1 on sample  1,  11 classes,  3000 things  Cost   47743.70

  Assign mode Partial    --- Adjust: Params Scores Tree
    1  Dad   Fac Scan    3000 RelAb 1.000  Size  3000.0
       3 Leaf   Fac Scan    1500 RelAb 0.500  Size  1500.0
       5  Dad       Scan     900 RelAb 0.368  Size  1105.5
          8 Leaf       Scan     725 RelAb 0.132  Size   395.3
         10  Dad       Scan     438 RelAb 0.045  Size   136.0
            24 Leaf       Scan     249 RelAb 0.007  Size    21.4
            25 Leaf       Scan     240 RelAb 0.038  Size   114.7
         11 Leaf       Scan     721 RelAb 0.116  Size   349.5
         18 Leaf       Scan     384 RelAb 0.075  Size   224.6
      16 Leaf       Scan     235 RelAb 0.040  Size   118.2
      17 Leaf       Scan     470 RelAb 0.092  Size   276.3
aADddddDddddDdDddddddddddddddddddddDddddDddddDddddDdddddDdDdddddDddddDddddDddddd
DdDdddddDdddd
TRYING MOVE CLASS     17 TO DAD      5
DddddLLLAAAAAA
ACCEPTED !!!
Popln  3 on sample  1,  11 classes,  3000 things  Cost   47730.88

  Assign mode Partial    --- Adjust: Params Scores Tree
    1  Dad   Fac Scan    3000 RelAb 1.000  Size  3000.0
       3 Leaf   Fac Scan    1500 RelAb 0.500  Size  1500.0
       5  Dad       Scan     900 RelAb 0.460  Size  1378.6
          8 Leaf       Scan     725 RelAb 0.131  Size   394.0
         10  Dad       Scan     438 RelAb 0.046  Size   136.5
            24 Leaf       Scan     249 RelAb 0.007  Size    21.4
            25 Leaf       Scan     240 RelAb 0.038  Size   115.2
         11 Leaf       Scan     721 RelAb 0.116  Size   348.5
         17 Leaf       Scan     470 RelAb 0.091  Size   273.5
         18 Leaf       Scan     384 RelAb 0.075  Size   226.1
      16 Leaf       Scan     235 RelAb 0.041  Size   121.4
aAdDdDdddddDddddDDddddDddddDddddddddDddddddddddddDDddddDddddDddddDddddDDdDddddDD
ddddDDDddddDdddd
TRYING MOVE CLASS     16 TO DAD      5
DDdDddddLLLaaaAAA
ACCEPTED !!!
Popln  1 on sample  1,  11 classes,  3000 things  Cost   47721.76

  Assign mode Partial    --- Adjust: Params Scores Tree
    1  Dad   Fac Scan    3000 RelAb 1.000  Size  3000.0
       3 Leaf   Fac Scan    1500 RelAb 0.500  Size  1500.0
       5  Dad       Scan     900 RelAb 0.500  Size  1500.0
          8 Leaf       Scan     725 RelAb 0.131  Size   392.4
         10  Dad       Scan     438 RelAb 0.046  Size   136.8
            24 Leaf       Scan     249 RelAb 0.007  Size    21.5
            25 Leaf       Scan     240 RelAb 0.038  Size   115.4
         11 Leaf       Scan     721 RelAb 0.116  Size   348.8
         16 Leaf       Scan     235 RelAb 0.040  Size   120.8
         17 Leaf       Scan     470 RelAb 0.092  Size   275.0
         18 Leaf       Scan     384 RelAb 0.075  Size   226.2
aAdDDdddddDddddDDddddDddddDddddddddDddddddddddddDDddddDddddDDDddddDddddDDddddDdd
dddDDddddDDdddd
TRYING MOVE CLASS     16 TO DAD      1
dDDddddLLLaAAAAA
ACCEPTED !!!
Popln  3 on sample  1,  11 classes,  3000 things  Cost   47713.30

  Assign mode Partial    --- Adjust: Params Scores Tree
    1  Dad   Fac Scan    3000 RelAb 1.000  Size  3000.0
       3 Leaf   Fac Scan    1500 RelAb 0.500  Size  1500.0
       5  Dad       Scan     900 RelAb 0.459  Size  1377.4
          8 Leaf       Scan     725 RelAb 0.131  Size   392.0
         10  Dad       Scan     438 RelAb 0.046  Size   136.9
            24 Leaf       Scan     249 RelAb 0.007  Size    21.4
            25 Leaf       Scan     240 RelAb 0.038  Size   115.5
         11 Leaf       Scan     721 RelAb 0.116  Size   348.0
         17 Leaf       Scan     470 RelAb 0.091  Size   273.7
         18 Leaf       Scan     384 RelAb 0.076  Size   226.7
      16 Leaf       Scan     235 RelAb 0.041  Size   122.6
aadDdDdddddDddddDDddddDddddDddddddddDddddddddddddDDddddDddddDDdDddddDDddddDDDddd
dDddddDddddDdddd
TRYING MOVE CLASS     16 TO DAD      5
DDdDddddLLLaaaaaA
ACCEPTED !!!
Popln  1 on sample  1,  11 classes,  3000 things  Cost   47709.52

  Assign mode Partial    --- Adjust: Params Scores Tree
    1  Dad   Fac Scan    3000 RelAb 1.000  Size  3000.0
       3 Leaf   Fac Scan    1500 RelAb 0.500  Size  1500.0
       5  Dad       Scan     900 RelAb 0.500  Size  1500.0
          8 Leaf       Scan     725 RelAb 0.130  Size   391.5
         10  Dad       Scan     438 RelAb 0.046  Size   137.0
            24 Leaf       Scan     249 RelAb 0.007  Size    21.5
            25 Leaf       Scan     240 RelAb 0.038  Size   115.5
         11 Leaf       Scan     721 RelAb 0.116  Size   348.3
         16 Leaf       Scan     235 RelAb 0.041  Size   121.5
         17 Leaf       Scan     470 RelAb 0.092  Size   275.1
         18 Leaf       Scan     384 RelAb 0.076  Size   226.5
aAdDDdddddDddddDDddddDddddDddddddddDddddddddddddDDddddDddddDDDddddDddddDDddddDdd
dddDDddddDDdddd
TRYING MOVE CLASS     16 TO DAD      1
dDDddddLLLaaAAAA
ACCEPTED !!!
Popln  3 on sample  1,  11 classes,  3000 things  Cost   47704.43

  Assign mode Partial    --- Adjust: Params Scores Tree
    1  Dad   Fac Scan    3000 RelAb 1.000  Size  3000.0
       3 Leaf   Fac Scan    1500 RelAb 0.500  Size  1500.0
       5  Dad       Scan     900 RelAb 0.459  Size  1377.0
          8 Leaf       Scan     725 RelAb 0.130  Size   391.6
         10  Dad       Scan     438 RelAb 0.046  Size   137.0
            24 Leaf       Scan     249 RelAb 0.007  Size    21.4
            25 Leaf       Scan     240 RelAb 0.038  Size   115.6
         11 Leaf       Scan     721 RelAb 0.116  Size   347.8
         17 Leaf       Scan     470 RelAb 0.091  Size   273.8
         18 Leaf       Scan     384 RelAb 0.076  Size   226.8
      16 Leaf       Scan     235 RelAb 0.041  Size   123.0
aadDdDdddddDddddDDddddDddddDddddddddDddddddddddddDDddddDddddDDdDddddDDddddDDDddd
dDddddDddddDdddd
TRYING MOVE CLASS     16 TO DAD      5
DDdDddddLLLaaaaaA
ACCEPTED !!!
Popln  1 on sample  1,  11 classes,  3000 things  Cost   47702.98

  Assign mode Partial    --- Adjust: Params Scores Tree
    1  Dad   Fac Scan    3000 RelAb 1.000  Size  3000.0
       3 Leaf   Fac Scan    1500 RelAb 0.500  Size  1500.0
       5  Dad       Scan     900 RelAb 0.500  Size  1500.0
          8 Leaf       Scan     725 RelAb 0.130  Size   391.3
         10  Dad       Scan     438 RelAb 0.046  Size   137.1
            24 Leaf       Scan     249 RelAb 0.007  Size    21.5
            25 Leaf       Scan     240 RelAb 0.038  Size   115.6
         11 Leaf       Scan     721 RelAb 0.116  Size   348.2
         16 Leaf       Scan     235 RelAb 0.041  Size   121.8
         17 Leaf       Scan     470 RelAb 0.092  Size   275.1
         18 Leaf       Scan     384 RelAb 0.076  Size   226.6
aAdDDdddddDddddDDddddDddddDddddddddDddddddddddddDDddddDddddDDDddddDddddDDddddDdd
dddDDddddDDdddd
TRYING MOVE CLASS     16 TO DAD      1
dDDddddLLLaaAAAA
ACCEPTED !!!
Popln  3 on sample  1,  11 classes,  3000 things  Cost   47699.50

  Assign mode Partial    --- Adjust: Params Scores Tree
    1  Dad   Fac Scan    3000 RelAb 1.000  Size  3000.0
       3 Leaf   Fac Scan    1500 RelAb 0.500  Size  1500.0
       5  Dad       Scan     900 RelAb 0.459  Size  1376.8
          8 Leaf       Scan     725 RelAb 0.130  Size   391.5
         10  Dad       Scan     438 RelAb 0.046  Size   137.0
            24 Leaf       Scan     249 RelAb 0.007  Size    21.4
            25 Leaf       Scan     240 RelAb 0.038  Size   115.6
         11 Leaf       Scan     721 RelAb 0.116  Size   347.7
         17 Leaf       Scan     470 RelAb 0.091  Size   273.8
         18 Leaf       Scan     384 RelAb 0.076  Size   226.8
      16 Leaf       Scan     235 RelAb 0.041  Size   123.2
aadDdDdddddDddddDDddddDddddDddddddddDddddddddddddDDddddDddddDDdDddddDDddddDDDddd
dDddddDddddDdddd
TRYING MOVE CLASS     16 TO DAD      5
DDdDddddLLlaaaaaa
ACCEPTED !!!
Popln  1 on sample  1,  11 classes,  3000 things  Cost   47699.23

  Assign mode Partial    --- Adjust: Params Scores Tree
    1  Dad   Fac Scan    3000 RelAb 1.000  Size  3000.0
       3 Leaf   Fac Scan    1500 RelAb 0.500  Size  1500.0
       5  Dad   Fac Scan     900 RelAb 0.500  Size  1500.0
          8 Leaf       Scan     725 RelAb 0.130  Size   391.2
         10  Dad       Scan     438 RelAb 0.046  Size   137.1
            24 Leaf       Scan     249 RelAb 0.007  Size    21.5
            25 Leaf       Scan     240 RelAb 0.038  Size   115.6
         11 Leaf       Scan     721 RelAb 0.116  Size   348.2
         16 Leaf       Scan     235 RelAb 0.041  Size   121.8
         17 Leaf       Scan     470 RelAb 0.092  Size   275.1
         18 Leaf       Scan     384 RelAb 0.076  Size   226.6
aAdDDdddddDddddDDddddDddddDddddddddDddddddddddddDDddddDddddDDDddddDddddDDddddDdd
dddDDddddDDdddd
TRYING MOVE CLASS     16 TO DAD      1
dDDddddLlLaaAAAA
ACCEPTED !!!
Popln  3 on sample  1,  11 classes,  3000 things  Cost   47696.64

  Assign mode Partial    --- Adjust: Params Scores Tree
    1  Dad   Fac Scan    3000 RelAb 1.000  Size  3000.0
       3 Leaf   Fac Scan    1500 RelAb 0.500  Size  1500.0
       5  Dad   Fac Scan     900 RelAb 0.459  Size  1376.8
          8 Leaf       Scan     725 RelAb 0.130  Size   391.5
         10  Dad       Scan     438 RelAb 0.046  Size   137.0
            24 Leaf       Scan     249 RelAb 0.007  Size    21.4
            25 Leaf       Scan     240 RelAb 0.038  Size   115.6
         11 Leaf       Scan     721 RelAb 0.116  Size   347.7
         17 Leaf       Scan     470 RelAb 0.091  Size   273.8
         18 Leaf       Scan     384 RelAb 0.076  Size   226.8
      16 Leaf       Scan     235 RelAb 0.041  Size   123.2
aadDdDdddddDddddDDddddDddddDddddddddDddddddddddddDDddddDddddDDdDddddDDddddDDDddd
dDddddDddddDdddd
TRYING MOVE CLASS     16 TO DAD      5
DDdDddddLLlaaaaaa
Failed ******
AdDdDdddddDddddDDddddDddddDddddddddDddddddddddddDDddddDdddd
Badmove rejects Move     16      5
DDddddDDDddddDddddDddddDdddd
TRYING MOVE CLASS     16 TO DAD     10
DDddddLLlAaaaaa
Failed ******
AdDdDdddddDddddDDddddDddddDddddddddDddddddddddddDDddddDdddd
Badmove rejects Move     16      5
Badmove rejects Move     16     10
DDDddddDddddDddddDdddd
TRYING MOVE CLASS     17 TO DAD      1
DDDddddLLLaaAAAA
ACCEPTED !!!
Popln  1 on sample  1,  11 classes,  3000 things  Cost   47693.54

  Assign mode Partial    --- Adjust: Params Scores Tree
    1  Dad   Fac Scan    3000 RelAb 1.000  Size  3000.0
       3 Leaf   Fac Scan    1500 RelAb 0.500  Size  1500.0
       5  Dad   Fac Scan     900 RelAb 0.367  Size  1102.0
          8 Leaf       Scan     725 RelAb 0.130  Size   390.8
         10  Dad       Scan     438 RelAb 0.046  Size   137.1
            24 Leaf       Scan     249 RelAb 0.007  Size    21.4
            25 Leaf       Scan     240 RelAb 0.039  Size   115.7
         11 Leaf       Scan     721 RelAb 0.116  Size   347.4
         18 Leaf       Scan     384 RelAb 0.076  Size   226.8
      16 Leaf       Scan     235 RelAb 0.041  Size   121.6
      17 Leaf       Scan     470 RelAb 0.092  Size   276.4
aadDdDdddddDddddDddddDddddDdDddddddddddddddddddddDddddDddddDddddDddddDddddDddddD
DdDdddddDdddd
TRYING MOVE CLASS     17 TO DAD      5
DddddLLLaaaaaA
Failed ******
AdDdDdddddDddddDddddDddddDdDddddddddddddddddddddDddddDdddd
Badmove rejects Move     17      5
DddddDddddDddddDDdDdddddDdddd
TRYING MOVE CLASS     16 TO DAD      5
DDdDddddLLlaaaaaa
Failed ******
AdDdDdddddDddddDddddDddddDdDddddddddddddddddddddDddddDdddd
Badmove rejects Move     17      5
DddddDddddDdddd
Badmove rejects Move     16      5
dDdddd
TRYING MOVE CLASS      8 TO DAD      1
DddddLLLaAaaAA
ACCEPTED !!!
Popln  3 on sample  1,  11 classes,  3000 things  Cost   47693.29

  Assign mode Partial    --- Adjust: Params Scores Tree
    1  Dad   Fac Scan    3000 RelAb 1.000  Size  3000.0
       3 Leaf   Fac Scan    1500 RelAb 0.500  Size  1500.0
       5  Dad       Scan     900 RelAb 0.237  Size   710.8
         10  Dad       Scan     438 RelAb 0.046  Size   136.9
            24 Leaf       Scan     249 RelAb 0.007  Size    21.4
            25 Leaf       Scan     240 RelAb 0.038  Size   115.5
         11 Leaf       Scan     721 RelAb 0.116  Size   347.8
         18 Leaf       Scan     384 RelAb 0.075  Size   226.0
       8 Leaf       Scan     725 RelAb 0.131  Size   392.7
      16 Leaf       Scan     235 RelAb 0.040  Size   120.7
      17 Leaf       Scan     470 RelAb 0.092  Size   275.8
aAdDdDdddddDddddDDddddDddddDdDddddDddddddddddddddddDddDddddDddddDddDddddDdddddDd
DdddddDddddDddddDdddd
TRYING MOVE CLASS      8 TO DAD      5
DDddddLLLaaaAAA
ACCEPTED !!!
Popln  1 on sample  1,  11 classes,  3000 things  Cost   47691.91

  Assign mode Partial    --- Adjust: Params Scores Tree
    1  Dad   Fac Scan    3000 RelAb 1.000  Size  3000.0
       3 Leaf   Fac Scan    1500 RelAb 0.500  Size  1500.0
       5  Dad   Fac Scan     900 RelAb 0.368  Size  1103.0
          8 Leaf       Scan     725 RelAb 0.131  Size   391.9
         10  Dad       Scan     438 RelAb 0.046  Size   136.9
            24 Leaf       Scan     249 RelAb 0.007  Size    21.4
            25 Leaf       Scan     240 RelAb 0.038  Size   115.5
         11 Leaf       Scan     721 RelAb 0.116  Size   348.1
         18 Leaf       Scan     384 RelAb 0.075  Size   226.1
      16 Leaf       Scan     235 RelAb 0.040  Size   120.4
      17 Leaf       Scan     470 RelAb 0.092  Size   276.6
aadDdDdddddDddddDdDddddddddddddddddddddDddddDddddDddddDddddDddddDddddDDdDdddddDd
dddDddddDdddd
TRYING MOVE CLASS     17 TO DAD      5
DddddLLLaaaaaA
Failed ******
AdDdDdddddDddddDdDddddddddddddddddddddDddddDddddDddddDddddDddddDddddDDdDdddddDdd
dd
Badmove rejects Move     17      5
Ddddd
TRYING MOVE CLASS     16 TO DAD      5
DDdDddddLLlaaaaaa
Failed ******
AdDdDdddddDddddDdDddddddddddddddddddddDddddDddddDddddDddddDddddDdddd
Badmove rejects Move     16      5
dDdddd
Badmove rejects Move     17      5
Ddddd
TRYING MOVE CLASS      8 TO DAD      1
DddddLLlaAaaaa
Failed ******
AdDdDdddddDddddDdDddddddddddddddddddddDddddDddddDddddDdddd
Badmove rejects Move      8      1
Ddddd
Badmove rejects Move     16      5
dDdddd
Badmove rejects Move     17      5
Ddddd
TRYING MOVE CLASS     17 TO DAD     10
DddddLLLAaaaaA
Failed ******
A
Cost dropped by    0.000%
--------------------------------------------------------------------------------
P1    11 classes,    8 leaves,  Pcost   410.3  Tcost   47281.3,  Cost   47691.6
Sample  1 Spec_s6m2r2c__000000002222
--------------------------------------------------------------------------------


================================================================================
Cycle 2 | 50 steps of costing, assignment and adjustments
================================================================================
aA........A
Changing type of class    5  from Dad to Leaf
Aaaa.....aa........aa
Attempting class moves until 4 successive failures
aa
No possible class move
Cost dropped by   22.230%
--------------------------------------------------------------------------------
P1     5 classes,    4 leaves,  Pcost   291.5  Tcost   47359.9,  Cost   47651.5
Sample  1 Spec_s6m2r2c__000000002222
--------------------------------------------------------------------------------


================================================================================
Cycle 3 | 50 steps of costing, assignment and adjustments
================================================================================
aa........aa........aa........a
Attempting class moves until 4 successive failures
aa
No possible class move
Cost dropped by    0.084%
--------------------------------------------------------------------------------
P1     5 classes,    4 leaves,  Pcost   289.4  Tcost   47385.2,  Cost   47674.7
Sample  1 Spec_s6m2r2c__000000002222
--------------------------------------------------------------------------------


================================================================================
Cycle 4 | 50 steps of costing, assignment and adjustments
================================================================================
aa........aa........aa........a
Attempting class moves until 4 successive failures
AA
No possible class move
Cost dropped by    0.049%
--------------------------------------------------------------------------------
P1     5 classes,    4 leaves,  Pcost   285.5  Tcost   47407.4,  Cost   47692.9
Sample  1 Spec_s6m2r2c__000000002222
--------------------------------------------------------------------------------


================================================================================
Cycle 5 | 50 steps of costing, assignment and adjustments
================================================================================
AA........AA........AA........AA........AA.AA...AAa
Attempting class moves until 4 successive failures
AA
No possible class move
a
Cost dropped by    0.038%
--------------------------------------------------------------------------------
P1     5 classes,    4 leaves,  Pcost   281.8  Tcost   47360.1,  Cost   47641.9
Sample  1 Spec_s6m2r2c__000000002222
--------------------------------------------------------------------------------


================================================================================
Cycle 6 | 50 steps of costing, assignment and adjustments
================================================================================
AA........AA...AA...AA.......AAAA......AAA....Aaaa
Attempting class moves until 4 successive failures
Aa
No possible class move
Cost dropped by    0.107%
--------------------------------------------------------------------------------
P1     5 classes,    4 leaves,  Pcost   276.0  Tcost   47336.2,  Cost   47612.3
Sample  1 Spec_s6m2r2c__000000002222
--------------------------------------------------------------------------------


================================================================================
Cycle 7 | 50 steps of costing, assignment and adjustments
================================================================================
aa........aaaaAa....aa..aA....AA.Aa.....AA......AAa
Attempting class moves until 4 successive failures
AA
Model has only 3 class
No possible class move
a
Cost dropped by    0.062%
--------------------------------------------------------------------------------
P1     3 classes,    2 leaves,  Pcost   213.2  Tcost   47318.1,  Cost   47531.2
Sample  1 Spec_s6m2r2c__000000002222
--------------------------------------------------------------------------------


================================================================================
Cycle 8 | 50 steps of costing, assignment and adjustments
================================================================================
AA........AA........AA........AA........AA......AAA
Attempting class moves until 4 successive failures
AA
Model has only 3 class
No possible class move
A
Cost dropped by    0.170%
--------------------------------------------------------------------------------
P1     3 classes,    2 leaves,  Pcost   214.3  Tcost   47268.6,  Cost   47483.0
Sample  1 Spec_s6m2r2c__000000002222
--------------------------------------------------------------------------------


================================================================================
Cycle 9 | 50 steps of costing, assignment and adjustments
================================================================================
AA........AA........AA........AA........AA......AAA
Attempting class moves until 4 successive failures
AA
Model has only 3 class
No possible class move
A
Cost dropped by    0.102%
--------------------------------------------------------------------------------
P1     3 classes,    2 leaves,  Pcost   214.9  Tcost   47245.5,  Cost   47460.4
Sample  1 Spec_s6m2r2c__000000002222
--------------------------------------------------------------------------------


================================================================================
Cycle 10 | 50 steps of costing, assignment and adjustments
================================================================================
AA........AA........AA........AA........AA......AAa
Attempting class moves until 4 successive failures
AA
Model has only 3 class
No possible class move
a
Cost dropped by    0.047%
--------------------------------------------------------------------------------
P1     3 classes,    2 leaves,  Pcost   215.4  Tcost   47226.5,  Cost   47441.9
Sample  1 Spec_s6m2r2c__000000002222
--------------------------------------------------------------------------------


================================================================================
Cycle 11 | 50 steps of costing, assignment and adjustments
================================================================================
AA........AA........AA........AA........AA......AAA
Attempting class moves until 4 successive failures
AA
Model has only 3 class
No possible class move
A
Cost dropped by    0.039%
--------------------------------------------------------------------------------
P1     3 classes,    2 leaves,  Pcost   215.7  Tcost   47218.5,  Cost   47434.2
Sample  1 Spec_s6m2r2c__000000002222
--------------------------------------------------------------------------------


================================================================================
Cycle 12 | 50 steps of costing, assignment and adjustments
================================================================================
AA........AA........AA........AA........AA......AAa
Attempting class moves until 4 successive failures
AA
Model has only 3 class
No possible class move
a
Cost dropped by    0.016%
--------------------------------------------------------------------------------
P1     3 classes,    2 leaves,  Pcost   216.0  Tcost   47212.9,  Cost   47428.9
Sample  1 Spec_s6m2r2c__000000002222
--------------------------------------------------------------------------------


================================================================================
Cycle 13 | 50 steps of costing, assignment and adjustments
================================================================================
AA........AA........AA........AA........AA......AAa
Attempting class moves until 4 successive failures
AA
Model has only 3 class
No possible class move
a
Cost dropped by    0.011%
--------------------------------------------------------------------------------
P1     3 classes,    2 leaves,  Pcost   216.1  Tcost   47210.9,  Cost   47427.0
Sample  1 Spec_s6m2r2c__000000002222
--------------------------------------------------------------------------------


================================================================================
Cycle 14 | 50 steps of costing, assignment and adjustments
================================================================================
AA........AA........AA........AA........AA......Aaa
Attempting class moves until 4 successive failures
AA
Model has only 3 class
No possible class move
a
Cost dropped by    0.004%
--------------------------------------------------------------------------------
P1     3 classes,    2 leaves,  Pcost   216.1  Tcost   47210.0,  Cost   47426.1
Sample  1 Spec_s6m2r2c__000000002222
--------------------------------------------------------------------------------


================================================================================
Cycle 15 | 50 steps of costing, assignment and adjustments
================================================================================
aA........Aa........AA........Aa........Aa......Aaa
Attempting class moves until 4 successive failures
aa
Model has only 3 class
No possible class move
a
Cost dropped by    0.002%
--------------------------------------------------------------------------------
P1     3 classes,    2 leaves,  Pcost   216.2  Tcost   47209.5,  Cost   47425.7
Sample  1 Spec_s6m2r2c__000000002222
--------------------------------------------------------------------------------
Classification converged after 15 cycles

S    1   DAD    Root Age 832  Sz3000.0  Use Fac Vv  0.99  +-0.152 Avv-0.001    2 sons
Pcosts  S:    46.52  F:   111.81  D:   216.19  B:   216.19
Tcosts  S: 61277.32  F: 51891.42  D: 47209.49  B: 47209.49
Vcost     ---------  F:  5677.79
totals  S: 61323.84  F: 57681.02  D: 47425.68  B: 47425.68
V  1  Cnt3000.0   In  Adj    0.30
 NR:   0.414  0.293  0.294 +-  1.042
 PR:   0.582  0.185  0.233
 FR:   0.628  0.166  0.207
 BP:  -0.582  0.255  0.327 +-  0.028
V  2  Cnt3000.0   In  Adj    0.33
 NR:   0.331  0.344  0.325 +-  0.697
 PR:   0.311  0.380  0.309
 FR:   0.311  0.382  0.308
 BP:  -0.035  0.264 -0.230 +-  0.025
V  3  Cnt3000.0   In  Adj    0.36
 NR:   0.290  0.324  0.386 +-  1.035
 PR:   0.222  0.228  0.550
 FR:   0.185  0.189  0.626
 BP:   0.393  0.405 -0.798 +-  0.029
V  4  Cnt3000.0   In  Adj    0.44
 NR:   0.468  0.532 +-  0.842
 PR:   0.412  0.588
 FR:   0.405  0.595
 BP:   0.293 -0.293 +-  0.019
V  5  Cnt3000.0   In  Adj    0.48
 NR:   0.506  0.494 +-  0.668
 PR:   0.500  0.500
 FR:   0.500  0.500
 BP:  -0.139  0.139 +-  0.019
V  6  Cnt3000.0   In  Adj    0.33
 NR:   0.458  0.542 +-  0.869
 PR:   0.430  0.570
 FR:   0.429  0.571
 BP:  -0.113  0.113 +-  0.019
V  7  Cnt3000.0   In
 N: Cost     3.6  Mu   4.999+-   5.310  SD   0.843+-   0.894
 S: Cost 22950.5  Mu   5.001  SD   5.069
 F: Cost 19921.9  Mu   4.996  SD   1.844  Ld  -4.695
V  8  Cnt3000.0   In
 N: Cost     3.7  Mu   4.999+-   5.389  SD   0.844+-   0.909
 S: Cost 22992.9  Mu   4.996  SD   5.141
 F: Cost 17585.8  Mu   4.991  SD   0.846  Ld  -5.042

S    3  LEAF Dad    1  Age 872  Sz1500.0  Use Fac Vv  0.99  +-0.200 Avv-0.001 
Pcosts  S:    45.01  F:    97.27  D:     0.00  B:    97.27
Tcosts  S: 27121.54  F: 21220.52  D:     0.00  B: 23650.33
Vcost     ---------  F:  2429.81
totals  S: 27166.55  F: 23747.60  D:     0.00  B: 23747.60
V  1  Cnt1500.0   In  Adj    0.33
 PR:   0.365  0.267  0.368
 FR:   0.377  0.246  0.377
 BP:  -0.911  0.046  0.865 +-  0.050
V  2  Cnt1500.0   In  Adj    0.30
 PR:   0.273  0.488  0.238
 FR:   0.301  0.450  0.249
 BP:  -1.054  0.019  1.035 +-  0.054
V  3  Cnt1500.0   In  Adj    0.30
 PR:   0.333  0.361  0.307
 FR:   0.426  0.183  0.390
 BP:  -1.824 -0.082  1.907 +-  0.082
V  4  Cnt1500.0   In  Adj    0.30
 PR:   0.532  0.468
 FR:   0.549  0.451
 BP:  -0.970  0.970 +-  0.051
V  5  Cnt1500.0   In  Adj    0.36
 PR:   0.481  0.519
 FR:   0.462  0.538
 BP:   1.933 -1.933 +-  0.101
V  6  Cnt1500.0   In  Adj    0.33
 PR:   0.355  0.645
 FR:   0.284  0.716
 BP:  -0.880  0.880 +-  0.045
V  7  Cnt1500.0   In
 S: Cost  9099.0  Mu   0.040  SD   1.025
 F: Cost  7292.2  Mu   0.040  SD   0.310  Ld  -0.976
V  8  Cnt1500.0   In
 S: Cost  9098.9  Mu  -0.037  SD   1.048
 F: Cost  7302.8  Mu  -0.037  SD   0.312  Ld   0.975

S    5  LEAF Dad    1  Age 817  Sz1500.0  Use Fac Vv  0.99  +-0.196 Avv 0.007 
Pcosts  S:    45.39  F:    97.03  D:     0.00  B:    97.03
Tcosts  S: 25822.32  F: 21109.27  D:     0.00  B: 23570.30
Vcost     ---------  F:  2461.03
totals  S: 25867.71  F: 23667.34  D:     0.00  B: 23667.34
V  1  Cnt1500.0   In  Adj    0.30
 PR:   0.799  0.102  0.099
 FR:   0.800  0.102  0.098
 BP:   0.060 -0.031 -0.029 +-  0.050
V  2  Cnt1500.0   In  Adj    0.33
 PR:   0.349  0.272  0.380
 FR:   0.347  0.275  0.378
 BP:   0.587 -1.176  0.589 +-  0.052
V  3  Cnt1500.0   In  Adj    0.33
 PR:   0.112  0.096  0.792
 FR:   0.112  0.095  0.793
 BP:  -0.012  0.014 -0.002 +-  0.050
V  4  Cnt1500.0   In  Adj    0.33
 PR:   0.293  0.707
 FR:   0.292  0.708
 BP:  -0.055  0.055 +-  0.029
V  5  Cnt1500.0   In  Adj    0.33
 PR:   0.519  0.481
 FR:   0.565  0.435
 BP:  -2.017  2.017 +-  0.107
V  6  Cnt1500.0   In  Adj    0.30
 PR:   0.505  0.495
 FR:   0.505  0.495
 BP:   0.024 -0.024 +-  0.026
V  7  Cnt1500.0   In
 S: Cost  9116.0  Mu   9.962  SD   1.059
 F: Cost  7277.1  Mu   9.955  SD   0.306  Ld   0.991
V  8  Cnt1500.0   In
 S: Cost  9120.5  Mu  10.030  SD   1.064
 F: Cost  7144.9  Mu  10.037  SD   0.281  Ld  -1.002
--------------------------------------------------------------------------------
P1     3 classes,    2 leaves,  Pcost   216.2  Tcost   47209.5,  Cost   47425.7
Sample  1 Spec_s6m2r2c__000000002222
--------------------------------------------------------------------------------
CPU Time:         10.229 s
Elapsed Time:     10.254 s
